==============
CONFIGURAÇÕES:
==============

- Tipo: TOMASULO_COM_ROB
- Numero de Threads: 1
- Modelo Multi-Threading: GRANULACAO_FINA
- Previsor: false
- Despacho: 2
- Número de RSs: 5 5 5 5 5 5 
- Número de UFs: 4 4 4 4 4 4 
- Ciclo limite: 10000
- Latências de EX: 0 1 1 1 1 5 5 5 5 5 
- Latências de MEM: 1 1 

Simulando...
Concluido!

=====================
TABELA DE RESULTADOS
=====================

Posição   Instrução                   Issue       EX              MEM             WR          Commit      
--------------------------------------------------------------------------------------------------------------
0         L.D F2, 0(R1)               1           02-02           03-03           4           5           
1         DIV.D F4, F2, F0            1           05-09           --              10          11          
2         ADD.D F4, F2, F0            2           05-09           --              10          11          
3         MUL.D F6, F2, F0            2           05-09           --              10          12          
4         S.D F6, 0(R1)               3           04-04           --              --          12          
5         DADDIU R1, R1, #-8          3           04-04           --              5           13          
6         BNEZ R1, loop               4           06-06           --              --          13          
7         L.D F2, 0(R1)               5           06-06           07-07           8           14          
8         DIV.D F4, F2, F0            5           09-13           --              14          15          
9         ADD.D F4, F2, F0            6           09-13           --              14          15          
10        MUL.D F6, F2, F0            6           09-13           --              14          16          
11        S.D F6, 0(R1)               7           08-08           --              --          16          
12        DADDIU R1, R1, #-8          7           08-08           --              9           17          
13        BNEZ R1, loop               8           10-10           --              --          17          

=====================
RESERVATION STATIONS
=====================

load:
load0               L.D F2, 0(R1) (1-4) | L.D F2, 0(R1) (5-8) 

store:
store0              S.D F6, 0(R1) (3-5) | S.D F6, 0(R1) (7-9) 

int_basic:
int_basic0          DADDIU R1, R1, #-8 (3-5) | DADDIU R1, R1, #-8 (7-9) 
int_basic1          BNEZ R1, loop (4-7) | BNEZ R1, loop (8-11) 

int_mult_div:

float_basic:
float_basic0        ADD.D F4, F2, F0 (2-10) 
float_basic1        ADD.D F4, F2, F0 (6-14) 

float_mult_div:
float_mult_div0     DIV.D F4, F2, F0 (1-10) 
float_mult_div1     MUL.D F6, F2, F0 (2-10) 
float_mult_div2     DIV.D F4, F2, F0 (5-14) 
float_mult_div3     MUL.D F6, F2, F0 (6-14) 

=====================
CDB
=====================

F:
F2      load0 (1-4) | load0 (5-8) 
F4      float_mult_div0 (1-10) | float_basic0 (2-10) | float_mult_div2 (5-14) | float_basic1 (6-14) 
F6      float_mult_div1 (2-10) | float_mult_div3 (6-14) 

R:
R1      int_basic0 (3-5) | int_basic0 (7-9) 

=====================
UNIDADES FUNCIONAIS
=====================

acessar_memoria:
acessar_memoria0        load0 (3-3) | load0 (7-7) 

ula_int_basico:
ula_int_basico0         load0 (2-2) | store0 (4-4) | int_basic1 (6-6) | store0 (8-8) | int_basic1 (10-10) 
ula_int_basico1         int_basic0 (4-4) | load0 (6-6) | int_basic0 (8-8) 

ula_int_mult_div:

ula_float_basico:
ula_float_basico0       float_basic0 (5-9) 
ula_float_basico1       float_basic1 (9-13) 

ula_float_mult_div:
ula_float_mult_div0     float_mult_div0 (5-9) 
ula_float_mult_div1     float_mult_div1 (5-9) 
ula_float_mult_div2     float_mult_div2 (9-13) 
ula_float_mult_div3     float_mult_div3 (9-13) 

