══════════════════════════════════════════════════════════
═══ CONFIGURAÇÕES ════════════════════════════════════════
══════════════════════════════════════════════════════════

- Arquitetura: MIPS_32
- Tipo: TOMASULO_CLASSIC
- Numero de Threads: 1
- Modelo Multi-Threading: NONE
- Previsor: false
- Despacho: 2
- Número de RSs: load=5 store=5 int_basic=5 int_mult_div=3 float_basic=5 float_mult_div=3 
- Número de UFs: load=1 store=1 int_basic=1 int_mult_div=1 float_basic=1 float_mult_div=1 
- Ciclo limite: 10000
- Latências de EX: invalid=0 load=1 store=1 branch=1 int_basic=1 int_mult=5 int_div=5 float_basic=5 float_mult=5 float_div=5 
- Latências de MEM: load=1 store=1 

Simulando...
Concluido!

══════════════════════════════════════════════════════════
═══ TABELA DE RESULTADOS ═════════════════════════════════
══════════════════════════════════════════════════════════

Posição   Instrução                   Issue       EX              MEM             WR          
───────────────────────────────────────────────────────────────────────────────────────────
0         L.D    F2, 0(R1)            1           02-02           03-03           4           
1         DIV.D  F4, F2, F0           1           05-09           --              10          
2         ADD.D  F4, F2, F0           2           05-09           --              11          
3         MUL.D  F6, F2, F0           2           10-14           --              15          
4         S.D    F6, 0(R1)            3           04-04           16-16           --          
5         DADDIU R1, R1, #-8          3           05-05           --              6           
6         BNEZ   R1, loop             4           07-07           --              --          
7         L.D    F2, 0(R1)            5           08-08           09-09           12          
8         DIV.D  F4, F2, F0           5           15-19           --              20          
9         ADD.D  F4, F2, F0           6           13-17           --              18          
10        MUL.D  F6, F2, F0           10          20-24           --              25          
11        S.D    F6, 0(R1)            10          11-11           26-26           --          
12        DADDIU R1, R1, #-8          11          12-12           --              13          
13        BNEZ   R1, loop             11          14-14           --              --          

══════════════════════════════════════════════════════════
═══ RESERVATION STATIONS (RS) ════════════════════════════
══════════════════════════════════════════════════════════

─── load ─────────────────────────────────────────────────
- load0:
    L.D    F2, 0(R1)   - [1-4]
    L.D    F2, 0(R1)   - [5-12]


─── store ────────────────────────────────────────────────
- store0:
    S.D    F6, 0(R1)   - [3-17]

- store1:
    S.D    F6, 0(R1)   - [10-27]


─── int_basic ────────────────────────────────────────────
- int_basic0:
    DADDIU R1, R1, #-8 - [3-6]
    DADDIU R1, R1, #-8 - [11-13]

- int_basic1:
    BNEZ   R1, loop    - [4-8]
    BNEZ   R1, loop    - [11-16]


─── float_basic ──────────────────────────────────────────
- float_basic0:
    ADD.D  F4, F2, F0  - [2-11]

- float_basic1:
    ADD.D  F4, F2, F0  - [6-18]


─── float_mult_div ───────────────────────────────────────
- float_mult_div0:
    DIV.D  F4, F2, F0  - [1-10]
    MUL.D  F6, F2, F0  - [10-25]

- float_mult_div1:
    MUL.D  F6, F2, F0  - [2-15]

- float_mult_div2:
    DIV.D  F4, F2, F0  - [5-20]


══════════════════════════════════════════════════════════
═══ COMMOM DATA BUS (CDB) ════════════════════════════════
══════════════════════════════════════════════════════════

─── R ────────────────────────────────────────────────────
- R1:
    int_basic0         - [3-6]
    int_basic0         - [11-13]


─── F ────────────────────────────────────────────────────
- F2:
    load0              - [1-4]
    load0              - [5-12]

- F4:
    float_mult_div0    - [1-10]
    float_basic0       - [2-11]
    float_mult_div2    - [5-20]
    float_basic1       - [6-18]

- F6:
    float_mult_div1    - [2-15]
    float_mult_div0    - [10-25]


══════════════════════════════════════════════════════════
═══ FUNCIONAL UNITYS (FU) ════════════════════════════════
══════════════════════════════════════════════════════════

─── memory_access ────────────────────────────────────────
- memory_access0:
    load0              - [3-3]
    load0              - [9-9]
    store0             - [16-16]
    store1             - [26-26]


─── int_basic_alu ────────────────────────────────────────
- int_basic_alu0:
    load0              - [2-2]
    store0             - [4-4]
    int_basic0         - [5-5]
    int_basic1         - [7-7]
    load0              - [8-8]
    store1             - [11-11]
    int_basic0         - [12-12]
    int_basic1         - [14-14]


─── float_basic_alu ──────────────────────────────────────
- float_basic_alu0:
    float_basic0       - [5-9]
    float_basic1       - [13-17]


─── float_mult_div_alu ───────────────────────────────────
- float_mult_div_alu0:
    float_mult_div0    - [5-9]
    float_mult_div1    - [10-14]
    float_mult_div2    - [15-19]
    float_mult_div0    - [20-24]


