══════════════════════════════════════════════════════════
═══ CONFIGURAÇÕES ════════════════════════════════════════
══════════════════════════════════════════════════════════

- Tipo: TOMASULO_CLASSIC
- Numero de Threads: 1
- Modelo Multi-Threading: NONE
- Previsor: false
- Despacho: 2
- Número de RSs: load=5 store=5 int_basic=5 int_mult_div=4 float_basic=3 float_mult_div=2 
- Número de UFs: load=1 store=1 int_basic=1 int_mult_div=1 float_basic=1 float_mult_div=2 
- Ciclo limite: 10000
- Latências de EX: invalid=0 load=1 store=1 branch=1 int_basic=1 int_mult=4 int_div=10 float_basic=9 float_mult=14 float_div=40 
- Latências de MEM: load=1 store=1 

Simulando...
Concluido!

══════════════════════════════════════════════════════════
═══ TABELA DE RESULTADOS ═════════════════════════════════
══════════════════════════════════════════════════════════

Posição   Instrução                   Issue       EX              MEM             WR          
───────────────────────────────────────────────────────────────────────────────────────────
0         L.D    F2, 0(R1)            1           02-02           03-03           4           
1         MUL.D  F4, F2, F0           1           05-18           --              19          
2         L.D    F6, 0(R2)            2           03-03           04-04           5           
3         ADD.D  F6, F4, F6           2           20-28           --              29          
4         S.D    F6, 0(R2)            3           04-04           30-30           --          
5         DADDIU R1, R1, #8           3           05-05           --              6           
6         DADDIU R2, R2, #8           4           06-06           --              7           
7         DSLTU  R3, R1, R4           4           07-07           --              8           
8         BNEZ   R3, foo              5           09-09           --              --          
9         L.D    F2, 0(R1)            6           10-10           11-11           12          
10        MUL.D  F4, F2, F0           6           19-32           --              33          
11        L.D    F6, 0(R2)            7           11-11           12-12           13          
12        ADD.D  F6, F4, F6           7           34-42           --              43          
13        S.D    F6, 0(R2)            8           12-12           44-44           --          
14        DADDIU R1, R1, #8           8           13-13           --              14          
15        DADDIU R2, R2, #8           9           14-14           --              15          
16        DSLTU  R3, R1, R4           9           15-15           --              16          
17        BNEZ   R3, foo              10          17-17           --              --          
18        L.D    F2, 0(R1)            11          18-18           19-19           20          
19        MUL.D  F4, F2, F0           19          33-46           --              47          
20        L.D    F6, 0(R2)            19          20-20           21-21           22          
21        ADD.D  F6, F4, F6           20          48-56           --              57          
22        S.D    F6, 0(R2)            20          21-21           58-58           --          
23        DADDIU R1, R1, #8           21          22-22           --              23          
24        DADDIU R2, R2, #8           21          23-23           --              24          
25        DSLTU  R3, R1, R4           22          24-24           --              25          
26        BNEZ   R3, foo              22          26-26           --              --          

══════════════════════════════════════════════════════════
═══ RESERVATION STATIONS (RS) ════════════════════════════
══════════════════════════════════════════════════════════

─── load ─────────────────────────────────────────────────
- load0:
    L.D    F2, 0(R1)   - [1-4]
    L.D    F2, 0(R1)   - [6-12]
    L.D    F6, 0(R2)   - [19-22]

- load1:
    L.D    F6, 0(R2)   - [2-5]
    L.D    F6, 0(R2)   - [7-13]

- load2:
    L.D    F2, 0(R1)   - [11-20]


─── store ────────────────────────────────────────────────
- store0:
    S.D    F6, 0(R2)   - [3-31]

- store1:
    S.D    F6, 0(R2)   - [8-45]

- store2:
    S.D    F6, 0(R2)   - [20-59]


─── int_basic ────────────────────────────────────────────
- int_basic0:
    DADDIU R1, R1, #8  - [3-6]
    DADDIU R1, R1, #8  - [8-14]
    DADDIU R1, R1, #8  - [21-23]

- int_basic1:
    DADDIU R2, R2, #8  - [4-7]
    DADDIU R2, R2, #8  - [9-15]
    DADDIU R2, R2, #8  - [21-24]

- int_basic2:
    DSLTU  R3, R1, R4  - [4-8]
    DSLTU  R3, R1, R4  - [9-16]
    DSLTU  R3, R1, R4  - [22-25]

- int_basic3:
    BNEZ   R3, foo     - [5-10]
    BNEZ   R3, foo     - [10-18]
    BNEZ   R3, foo     - [22-27]


─── float_basic ──────────────────────────────────────────
- float_basic0:
    ADD.D  F6, F4, F6  - [2-29]

- float_basic1:
    ADD.D  F6, F4, F6  - [7-43]

- float_basic2:
    ADD.D  F6, F4, F6  - [20-57]


─── float_mult_div ───────────────────────────────────────
- float_mult_div0:
    MUL.D  F4, F2, F0  - [1-19]
    MUL.D  F4, F2, F0  - [19-47]

- float_mult_div1:
    MUL.D  F4, F2, F0  - [6-33]


══════════════════════════════════════════════════════════
═══ COMMOM DATA BUS (CDB) ════════════════════════════════
══════════════════════════════════════════════════════════

─── F ────────────────────────────────────────────────────
- F2:
    RS_load0           - [1-4]
    RS_load0           - [6-12]
    RS_load2           - [11-20]

- F4:
    RS_float_mult_div0 - [1-19]
    RS_float_mult_div1 - [6-33]
    RS_float_mult_div0 - [19-47]

- F6:
    RS_load1           - [2-5]
    RS_float_basic0    - [2-29]
    RS_load1           - [7-13]
    RS_float_basic1    - [7-43]
    RS_load0           - [19-22]
    RS_float_basic2    - [20-57]


─── R ────────────────────────────────────────────────────
- R1:
    RS_int_basic0      - [3-6]
    RS_int_basic0      - [8-14]
    RS_int_basic0      - [21-23]

- R2:
    RS_int_basic1      - [4-7]
    RS_int_basic1      - [9-15]
    RS_int_basic1      - [21-24]

- R3:
    RS_int_basic2      - [4-8]
    RS_int_basic2      - [9-16]
    RS_int_basic2      - [22-25]


══════════════════════════════════════════════════════════
═══ FUNCIONAL UNITYS (FU) ════════════════════════════════
══════════════════════════════════════════════════════════

─── memory_access ────────────────────────────────────────
- memory_access0:
    RS_load0           - [3-3]
    RS_load1           - [4-4]
    RS_load0           - [11-11]
    RS_load1           - [12-12]
    RS_load2           - [19-19]
    RS_load0           - [21-21]
    RS_store0          - [30-30]
    RS_store1          - [44-44]
    RS_store2          - [58-58]


─── int_basic_alu ────────────────────────────────────────
- int_basic_alu0:
    RS_load0           - [2-2]
    RS_load1           - [3-3]
    RS_store0          - [4-4]
    RS_int_basic0      - [5-5]
    RS_int_basic1      - [6-6]
    RS_int_basic2      - [7-7]
    RS_int_basic3      - [9-9]
    RS_load0           - [10-10]
    RS_load1           - [11-11]
    RS_store1          - [12-12]
    RS_int_basic0      - [13-13]
    RS_int_basic1      - [14-14]
    RS_int_basic2      - [15-15]
    RS_int_basic3      - [17-17]
    RS_load2           - [18-18]
    RS_load0           - [20-20]
    RS_store2          - [21-21]
    RS_int_basic0      - [22-22]
    RS_int_basic1      - [23-23]
    RS_int_basic2      - [24-24]
    RS_int_basic3      - [26-26]


─── float_basic_alu ──────────────────────────────────────
- float_basic_alu0:
    RS_float_basic0    - [20-28]
    RS_float_basic1    - [34-42]
    RS_float_basic2    - [48-56]


─── float_mult_div_alu ───────────────────────────────────
- float_mult_div_alu0:
    RS_float_mult_div0 - [5-18]
    RS_float_mult_div1 - [19-32]
    RS_float_mult_div0 - [33-46]


