══════════════════════════════════════════════════════════
═══ CONFIGURAÇÕES ════════════════════════════════════════
══════════════════════════════════════════════════════════

- Tipo: TOMASULO_CLASSIC
- Numero de Threads: 1
- Modelo Multi-Threading: NONE
- Previsor: false
- Despacho: 1
- Número de RSs: load=5 store=5 int_basic=5 int_mult_div=5 float_basic=5 float_mult_div=3 
- Número de UFs: load=2 store=2 int_basic=2 int_mult_div=2 float_basic=1 float_mult_div=1 
- Ciclo limite: 10000
- Latências de EX: none_exist=0 load=1 store=1 branch=1 int_basic=1 int_mult=4 int_div=10 float_basic=5 float_mult=14 float_div=15 
- Latências de MEM: load=1 store=1 

Simulando...
Concluido!

══════════════════════════════════════════════════════════
═══ TABELA DE RESULTADOS ═════════════════════════════════
══════════════════════════════════════════════════════════

Posição   Instrução                   Issue       EX              MEM             WR          
───────────────────────────────────────────────────────────────────────────────────────────
0         LD     F0, 0(R1)            1           02-02           03-03           4           
1         ADD.D  F0, F0, F6           2           05-09           --              10          
2         DIV.D  F2, F2, F0           3           23-37           --              38          
3         L.D    F0, 8(R1)            4           05-05           06-06           7           
4         DIV.D  F4, F0, F8           5           08-22           --              23          
5         S.D    F4, 16(R1)           6           07-07           24-24           --          
6         DADDIU R1, R1, #24          7           08-08           --              9           
7         BNEZ   R1, loop             8           10-10           --              --          
8         LD     F0, 0(R1)            9           11-11           12-12           13          
9         ADD.D  F0, F0, F6           10          14-18           --              19          
10        DIV.D  F2, F2, F0           11          53-67           --              68          
11        L.D    F0, 8(R1)            12          13-13           14-14           15          
12        DIV.D  F4, F0, F8           23          38-52           --              53          
13        S.D    F4, 16(R1)           24          25-25           54-54           --          
14        DADDIU R1, R1, #24          25          26-26           --              27          
15        BNEZ   R1, loop             26          28-28           --              --          

══════════════════════════════════════════════════════════
═══ RESERVATION STATIONS (RS) ════════════════════════════
══════════════════════════════════════════════════════════

─── load ─────────────────────────────────────────────────
- load0:
    LD     F0, 0(R1)   - [1-4]
    L.D    F0, 8(R1)   - [4-7]
    LD     F0, 0(R1)   - [9-13]

- load1:
    L.D    F0, 8(R1)   - [12-15]


─── store ────────────────────────────────────────────────
- store0:
    S.D    F4, 16(R1)  - [6-25]

- store1:
    S.D    F4, 16(R1)  - [24-55]


─── int_basic ────────────────────────────────────────────
- int_basic0:
    DADDIU R1, R1, #24 - [7-9]
    DADDIU R1, R1, #24 - [25-27]

- int_basic1:
    BNEZ   R1, loop    - [8-11]
    BNEZ   R1, loop    - [26-29]


─── float_basic ──────────────────────────────────────────
- float_basic0:
    ADD.D  F0, F0, F6  - [2-10]
    ADD.D  F0, F0, F6  - [10-19]


─── float_mult_div ───────────────────────────────────────
- float_mult_div0:
    DIV.D  F2, F2, F0  - [3-38]

- float_mult_div1:
    DIV.D  F4, F0, F8  - [5-23]
    DIV.D  F4, F0, F8  - [23-53]

- float_mult_div2:
    DIV.D  F2, F2, F0  - [11-68]


══════════════════════════════════════════════════════════
═══ COMMOM DATA BUS (CDB) ════════════════════════════════
══════════════════════════════════════════════════════════

─── F ────────────────────────────────────────────────────
- F0:
    RS_load0           - [1-4]
    RS_float_basic0    - [2-10]
    RS_load0           - [4-7]
    RS_load0           - [9-13]
    RS_float_basic0    - [10-19]
    RS_load1           - [12-15]

- F2:
    RS_float_mult_div0 - [3-38]
    RS_float_mult_div2 - [11-68]

- F4:
    RS_float_mult_div1 - [5-23]
    RS_float_mult_div1 - [23-53]


─── R ────────────────────────────────────────────────────
- R1:
    RS_int_basic0      - [7-9]
    RS_int_basic0      - [25-27]


══════════════════════════════════════════════════════════
═══ FUNCIONAL UNITYS (FU) ════════════════════════════════
══════════════════════════════════════════════════════════

─── memory_access ────────────────────────────────────────
- memory_access0:
    RS_load0           - [3-3]
    RS_load0           - [6-6]
    RS_load0           - [12-12]
    RS_load1           - [14-14]
    RS_store0          - [24-24]
    RS_store1          - [54-54]


─── int_basic_alu ────────────────────────────────────────
- int_basic_alu0:
    RS_load0           - [2-2]
    RS_load0           - [5-5]
    RS_store0          - [7-7]
    RS_int_basic0      - [8-8]
    RS_int_basic1      - [10-10]
    RS_load0           - [11-11]
    RS_load1           - [13-13]
    RS_store1          - [25-25]
    RS_int_basic0      - [26-26]
    RS_int_basic1      - [28-28]


─── float_basic_alu ──────────────────────────────────────
- float_basic_alu0:
    RS_float_basic0    - [5-9]
    RS_float_basic0    - [14-18]


─── float_mult_div_alu ───────────────────────────────────
- float_mult_div_alu0:
    RS_float_mult_div1 - [8-22]
    RS_float_mult_div0 - [23-37]
    RS_float_mult_div1 - [38-52]
    RS_float_mult_div2 - [53-67]


