══════════════════════════════════════════════════════════
═══ CONFIGURAÇÕES ════════════════════════════════════════
══════════════════════════════════════════════════════════

- Arquitetura: SIMPLIFIED
- Tipo: TOMASULO_CLASSIC
- Numero de Threads: 1
- Modelo Multi-Threading: NONE
- Previsor: false
- Despacho: 1
- Número de RSs: load=0 store=0 int_basic=0 int_mult_div=0 float_basic=4 float_mult_div=2 
- Número de UFs: load=0 store=0 int_basic=0 int_mult_div=1 float_basic=1 float_mult_div=1 
- Ciclo limite: 10000
- Latências de EX: invalid=0 load=1 store=1 branch=1 int_basic=1 int_mult=4 int_div=10 float_basic=1 float_mult=4 float_div=8 
- Latências de MEM: load=1 store=1 

Simulando...
Concluido!

══════════════════════════════════════════════════════════
═══ TABELA DE RESULTADOS ═════════════════════════════════
══════════════════════════════════════════════════════════

Posição   Instrução                   Issue       EX              MEM             WR          
───────────────────────────────────────────────────────────────────────────────────────────
0         mul.d  f2, f1, f1           1           02-05           --              6           
1         div.d  f4, f4, f2           2           07-14           --              15          
2         add.d  f1, f2, f3           3           07-07           --              8           
3         add.d  f2, f1, f3           4           09-09           --              10          
4         div.d  f1, f4, f2           6           16-23           --              24          
5         sub.d  f4, f4, f2           7           16-16           --              17          
6         add.d  f3, f1, f2           8           25-25           --              26          
7         mul.d  f1, f2, f1           15          25-28           --              29          
8         add.d  f3, f3, f4           16          27-27           --              28          
9         sub.d  f4, f5, f6           17          18-18           --              19          
10        sub.d  f6, f4, f1           18          30-30           --              31          

══════════════════════════════════════════════════════════
═══ RESERVATION STATIONS (RS) ════════════════════════════
══════════════════════════════════════════════════════════

─── float_basic ──────────────────────────────────────────
- float_basic0:
    add.d  f1, f2, f3  - [3-8]
    add.d  f3, f1, f2  - [8-26]

- float_basic1:
    add.d  f2, f1, f3  - [4-10]
    add.d  f3, f3, f4  - [16-28]

- float_basic2:
    sub.d  f4, f4, f2  - [7-17]
    sub.d  f4, f5, f6  - [17-19]

- float_basic3:
    sub.d  f6, f4, f1  - [18-31]


─── float_mult_div ───────────────────────────────────────
- float_mult_div0:
    mul.d  f2, f1, f1  - [1-6]
    div.d  f1, f4, f2  - [6-24]

- float_mult_div1:
    div.d  f4, f4, f2  - [2-15]
    mul.d  f1, f2, f1  - [15-29]


══════════════════════════════════════════════════════════
═══ COMMOM DATA BUS (CDB) ════════════════════════════════
══════════════════════════════════════════════════════════

─── F ────────────────────────────────────────────────────
- F1:
    float_basic0       - [3-8]
    float_mult_div0    - [6-24]
    float_mult_div1    - [15-29]

- F2:
    float_mult_div0    - [1-6]
    float_basic1       - [4-10]

- F3:
    float_basic0       - [8-26]
    float_basic1       - [16-28]

- F4:
    float_mult_div1    - [2-15]
    float_basic2       - [7-17]
    float_basic2       - [17-19]

- F6:
    float_basic3       - [18-31]


══════════════════════════════════════════════════════════
═══ FUNCIONAL UNITYS (FU) ════════════════════════════════
══════════════════════════════════════════════════════════

─── float_basic_alu ──────────────────────────────────────
- float_basic_alu0:
    float_basic0       - [7-7]
    float_basic1       - [9-9]
    float_basic2       - [16-16]
    float_basic2       - [18-18]
    float_basic0       - [25-25]
    float_basic1       - [27-27]
    float_basic3       - [30-30]


─── float_mult_div_alu ───────────────────────────────────
- float_mult_div_alu0:
    float_mult_div0    - [2-5]
    float_mult_div1    - [7-14]
    float_mult_div0    - [16-23]
    float_mult_div1    - [25-28]


